Human Action Recognition predict log
dataset: HMDB51
dir: checkAcc\HMDB51
weights: models/ucf11_videocnnBest.harw
time: 2026-08-30 16:11:31
Human Action Recognition using CNN
Compute device: CPU
Video decoder: OpenCV
Predict: dir=checkAcc\HMDB51  weights=models/ucf11_videocnnBest.harw  size=64x64  frames=8  classes=11
  basketball\3PointJumpShotPractice-09_21_07_shoot_ball_f_nm_np1_ri_med_3.avi
     1. tennis_swing             63.5%  miss
     2. basketball               34.1%
     3. soccer_juggling           1.5%
       label: basketball
  basketball\AdamandAlvonplayingbasketball1_dribble_f_cm_np1_ba_med_12.avi
     1. biking                   54.5%  miss
     2. walking                  29.5%
     3. volleyball_spiking        6.7%
       label: basketball
  basketball\AdamandAlvonplayingbasketball1_shoot_ball_f_cm_np1_le_med_13.avi
     1. biking                   43.7%  miss
     2. walking                  39.7%
     3. volleyball_spiking        7.3%
       label: basketball
  basketball\Explosive_Guard_Dribbling_Basketball_Workout_(Jason_Otter)_dribble_f_cm_np1_fr_med_2.avi
     1. basketball               62.9%  ok
     2. volleyball_spiking       22.6%
     3. tennis_swing             14.4%
  biking\David_beim_Fahrrad_fahren_X_x_ride_bike_f_cm_np1_le_med_0.avi
     1. walking                  43.5%  miss
     2. horse_riding             25.1%
     3. basketball               20.2%
       label: biking
  diving\Pirates_5_dive_f_cm_np1_le_bad_3.avi
     1. basketball               54.2%  miss
     2. trampoline_jumping       16.2%
     3. walking                  15.1%
       label: diving
  golf_swing\Finding_the_fairway_under_pressure_golf_f_cm_np1_ri_med_0.avi
     1. golf_swing               90.6%  ok
     2. soccer_juggling           6.4%
     3. basketball                0.9%
  golf_swing\Paula_Creamer_-_Sybase_Classic_2009_golf_f_cm_np1_fr_med_0.avi
     1. golf_swing               91.3%  ok
     2. soccer_juggling           7.2%
     3. swing                     1.0%
  horse_riding\BethEventingTraingGeorge_ride_horse_f_cm_np1_fr_med_5.avi
     1. soccer_juggling          47.9%  miss
     2. swing                    20.9%
     3. tennis_swing             12.7%
       label: horse_riding
  soccer_juggling\Der_f_nfte_Spieltag_kick_ball_f_cm_np2_le_med_1.avi
     1. volleyball_spiking       56.0%  miss
     2. soccer_juggling          35.1%
     3. basketball                2.7%
       label: soccer_juggling
  soccer_juggling\Dhan_Dhana_Dhan_Goal_(2007)_w__Eng_Sub_-_Watch_Online_-_3_16_kick_ball_f_cm_np1_fr_med_1.avi
     1. soccer_juggling          80.8%  ok
     2. horse_riding              6.2%
     3. swing                     5.0%
  soccer_juggling\FC_Venus_-_Ausschnitt_Teil_3_kick_ball_l_cm_np1_fr_med_0.avi
     1. basketball               72.1%  miss
     2. soccer_juggling          10.9%
     3. volleyball_spiking        6.9%
       label: soccer_juggling
  soccer_juggling\How_to_Shoot_Penalty_Kicks_kick_ball_f_cm_np1_ba_bad_4.avi
     1. golf_swing               92.1%  miss
     2. biking                    3.7%
     3. walking                   2.7%
       label: soccer_juggling
  soccer_juggling\Nike_Soccer_Freestyle_kick_ball_f_cm_np1_ri_med_4.avi
     1. soccer_juggling          82.7%  ok
     2. walking                   8.9%
     3. basketball                7.9%
  soccer_juggling\Ribery_Torwandschiessen_Sportstudio_kick_ball_f_nm_np1_ba_med_9.avi
     1. tennis_swing             28.3%  miss
     2. trampoline_jumping       25.5%
     3. swing                    12.5%
       label: soccer_juggling
  walking\20060723sfjffsomelikeitwarmed_walk_f_nm_np1_ba_med_4.avi
     1. basketball               54.3%  miss
     2. biking                   27.2%
     3. horse_riding              8.0%
       label: walking
  walking\50_FIRST_DATES_walk_u_nm_np1_ba_med_27.avi
     1. swing                    30.9%  miss
     2. trampoline_jumping       24.4%
     3. golf_swing               15.8%
       label: walking
  walking\AmericanGangster_walk_u_cm_np1_ri_med_49.avi
     1. horse_riding             82.8%  miss
     2. walking                   7.7%
     3. golf_swing                3.9%
       label: walking
  walking\Eurotrip_walk_f_nm_np1_fr_med_8.avi
     1. golf_swing               49.4%  miss
     2. basketball               20.6%
     3. trampoline_jumping       17.4%
       label: walking
  walking\Veoh_Alpha_Dog_1_walk_f_nm_np2_fr_med_39.avi
     1. swing                    73.3%  miss
     2. soccer_juggling          16.0%
     3. trampoline_jumping        9.7%
       label: walking
done: 20 video(s), labeled 5/20 (25.0%)

